2026-08-05 21:32:42 | INFO | ML | === RUN START ===
2026-08-05 21:32:42 | INFO | ML | project=ML
2026-08-05 21:32:42 | INFO | ML | repo_dir=CS44670-Module-6
2026-08-05 21:32:42 | INFO | ML | python=3.14.6
2026-08-05 21:32:42 | INFO | ML | os=Windows 11
2026-08-05 21:32:42 | INFO | ML | shell=powershell
2026-08-05 21:32:42 | INFO | ML | cwd=.
2026-08-05 21:32:42 | INFO | ML | github_actions=False
2026-08-05 21:32:42 | INFO | ML | === RUN START ===
2026-08-05 21:32:42 | INFO | ML | project=ML
2026-08-05 21:32:42 | INFO | ML | repo_dir=CS44670-Module-6
2026-08-05 21:32:42 | INFO | ML | python=3.14.6
2026-08-05 21:32:42 | INFO | ML | os=Windows 11
2026-08-05 21:32:42 | INFO | ML | shell=powershell
2026-08-05 21:32:42 | INFO | ML | cwd=.
2026-08-05 21:32:42 | INFO | ML | github_actions=False
2026-08-05 21:32:42 | INFO | ML | ========================
2026-08-05 21:32:42 | INFO | ML | START main()
2026-08-05 21:32:42 | INFO | ML | ========================
2026-08-05 21:32:42 | INFO | ML | Load dataset..............
2026-08-05 21:32:42 | INFO | ML | Loading dataset: hours_scores_case
2026-08-05 21:32:42 | INFO | ML | Loaded: 10 rows, 6 columns
2026-08-05 21:32:42 | DEBUG | ML | 
   hours_studied  practice_quizzes  attendance_pct  sleep_hours  prior_score  score
0            2.0                 1              72          6.0           58     62
1            3.5                 2              80          6.5           61     68
2            4.0                 3              85          7.0           64     72
3            5.0                 3              88          7.5           66     76
4            6.0                 4              90          7.0           70     81
2026-08-05 21:32:42 | INFO | ML | Inspect dataset...........
2026-08-05 21:32:42 | INFO | ML | Column names
2026-08-05 21:32:42 | DEBUG | ML | ['hours_studied', 'practice_quizzes', 'attendance_pct', 'sleep_hours', 'prior_score', 'score']
2026-08-05 21:32:42 | INFO | ML | DataFrame info
2026-08-05 21:32:42 | INFO | ML | Dataset shape: 10 rows, 6 columns
2026-08-05 21:32:42 | INFO | ML | Check data quality........
2026-08-05 21:32:42 | INFO | ML | Missing values by column
2026-08-05 21:32:42 | DEBUG | ML | 
hours_studied       0
practice_quizzes    0
attendance_pct      0
sleep_hours         0
prior_score         0
score               0
dtype: int64
2026-08-05 21:32:42 | INFO | ML | Duplicate row count: 0
2026-08-05 21:32:42 | INFO | ML | Create clean view.........
2026-08-05 21:32:42 | INFO | ML | Creating clean modeling view
2026-08-05 21:32:42 | INFO | ML | Clean view: 10 rows, 6 columns
2026-08-05 21:32:42 | INFO | ML | Train supervised model....
2026-08-05 21:32:42 | INFO | ML | Training LinearRegression model
2026-08-05 21:32:42 | INFO | ML | Mean absolute error: 0.48
2026-08-05 21:32:42 | INFO | ML | R-squared: 1.00
2026-08-05 21:32:42 | INFO | ML | Predict one case..........
2026-08-05 21:32:42 | INFO | ML | Predicting one new case
2026-08-05 21:32:42 | INFO | ML | New case:
   hours_studied  practice_quizzes  attendance_pct  sleep_hours  prior_score
0            6.5                 4              92          7.0           72
2026-08-05 21:32:42 | INFO | ML | Predicted score: 83.4
2026-08-05 21:32:42 | INFO | ML | Create charts.............
2026-08-05 21:32:42 | INFO | ML | Creating chart: hours studied vs score
2026-08-05 21:32:43 | INFO | ML | Creating chart: model coefficients
2026-08-05 21:32:43 | INFO | ML | Got a figure Figure(900x500) and axes Axes(0.125,0.11;0.775x0.77) from plt.subplots().
2026-08-05 21:32:43 | INFO | ML | Summarize workflow........
2026-08-05 21:32:43 | INFO | ML | ========================
2026-08-05 21:32:43 | INFO | ML | SUMMARY
2026-08-05 21:32:43 | INFO | ML | ========================
2026-08-05 21:32:43 | INFO | ML | Dataset: hours_scores_case
2026-08-05 21:32:43 | INFO | ML | Original rows: 10
2026-08-05 21:32:43 | INFO | ML | Clean rows: 10
2026-08-05 21:32:43 | INFO | ML | Features: ['hours_studied', 'practice_quizzes', 'attendance_pct', 'sleep_hours', 'prior_score']
2026-08-05 21:32:43 | INFO | ML | Target: score
2026-08-05 21:32:43 | INFO | ML | ----- in a script, call plt.show() once at the end to display all charts -----
2026-08-05 21:32:43 | INFO | ML | ----- in a script, CLOSE the chart windows with the close button to CONTINUE -----
2026-08-05 21:32:46 | INFO | ML | Workflow complete
2026-08-05 21:32:46 | INFO | ML | IMPORTANT: This script creates chart windows.
2026-08-05 21:32:46 | INFO | ML | Close chart windows and terminate this process with CTRL+c as needed.
2026-08-05 21:32:46 | INFO | ML | ========================
2026-08-05 21:32:46 | INFO | ML | Executed successfully!
2026-08-05 21:32:46 | INFO | ML | ========================
2026-08-05 21:33:03 | INFO | M06 | === RUN START ===
2026-08-05 21:33:03 | INFO | M06 | project=M06
2026-08-05 21:33:03 | INFO | M06 | repo_dir=CS44670-Module-6
2026-08-05 21:33:03 | INFO | M06 | python=3.14.6
2026-08-05 21:33:03 | INFO | M06 | os=Windows 11
2026-08-05 21:33:03 | INFO | M06 | shell=powershell
2026-08-05 21:33:03 | INFO | M06 | cwd=.
2026-08-05 21:33:03 | INFO | M06 | github_actions=False
2026-08-05 21:33:03 | INFO | M06 | Load data.................
2026-08-05 21:33:03 | INFO | M06 | Loading dataset: penguins
2026-08-05 21:33:03 | INFO | M06 | Loaded: 344 rows, 7 columns
2026-08-05 21:33:03 | INFO | M06 | Model rows (after dropping missing): 342
2026-08-05 21:33:03 | INFO | M06 | Split data................
2026-08-05 21:33:03 | INFO | M06 | Train instances: 273
2026-08-05 21:33:03 | INFO | M06 | Test instances:  69
2026-08-05 21:33:03 | INFO | M06 | Train model...............
2026-08-05 21:33:03 | INFO | M06 | Training RandomForestClassifier on 273 instances
2026-08-05 21:33:03 | INFO | M06 | Training complete
2026-08-05 21:33:03 | INFO | M06 | Evaluate model............
2026-08-05 21:33:03 | INFO | M06 | Test accuracy: 1.000
2026-08-05 21:33:03 | INFO | M06 | Save model................
2026-08-05 21:33:03 | INFO | M06 | Saved model to: artifacts\model.joblib
2026-08-05 21:33:03 | INFO | M06 | Summarize.................
2026-08-05 21:33:03 | INFO | M06 | ========================
2026-08-05 21:33:03 | INFO | M06 | SUMMARY
2026-08-05 21:33:03 | INFO | M06 | ========================
2026-08-05 21:33:03 | INFO | M06 | Dataset:  penguins
2026-08-05 21:33:03 | INFO | M06 | Target:   species
2026-08-05 21:33:03 | INFO | M06 | Features: ['bill_length_mm', 'bill_depth_mm', 'flipper_length_mm', 'body_mass_g']
2026-08-05 21:33:03 | INFO | M06 | Artifact: artifacts\model.joblib
2026-08-05 21:33:03 | INFO | M06 | ========================
2026-08-05 21:33:03 | INFO | M06 | ========================
2026-08-05 21:33:03 | INFO | M06 | Executed successfully!
2026-08-05 21:33:03 | INFO | M06 | ========================
2026-08-05 21:33:43 | INFO | ML | === RUN START ===
2026-08-05 21:33:43 | INFO | ML | project=ML
2026-08-05 21:33:43 | INFO | ML | repo_dir=CS44670-Module-6
2026-08-05 21:33:43 | INFO | ML | python=3.14.6
2026-08-05 21:33:43 | INFO | ML | os=Windows 11
2026-08-05 21:33:43 | INFO | ML | shell=powershell
2026-08-05 21:33:43 | INFO | ML | cwd=.
2026-08-05 21:33:43 | INFO | ML | github_actions=False
2026-08-05 21:33:43 | INFO | M06 | === RUN START ===
2026-08-05 21:33:43 | INFO | M06 | project=M06
2026-08-05 21:33:43 | INFO | M06 | repo_dir=CS44670-Module-6
2026-08-05 21:33:43 | INFO | M06 | python=3.14.6
2026-08-05 21:33:43 | INFO | M06 | os=Windows 11
2026-08-05 21:33:43 | INFO | M06 | shell=powershell
2026-08-05 21:33:43 | INFO | M06 | cwd=.
2026-08-05 21:33:43 | INFO | M06 | github_actions=False
2026-08-05 21:33:43 | INFO | M06 | Loading dataset: penguins
2026-08-05 21:33:43 | INFO | M06 | Loaded: 344 rows, 7 columns
2026-08-05 21:33:43 | INFO | M06 | Model rows (after dropping missing): 342
2026-08-05 21:33:43 | INFO | M06 | Loading dataset: penguins
2026-08-05 21:33:43 | INFO | M06 | Loaded: 344 rows, 7 columns
2026-08-05 21:33:43 | INFO | M06 | Model rows (after dropping missing): 342
2026-08-05 21:33:43 | INFO | M06 | Loading dataset: penguins
2026-08-05 21:33:43 | INFO | M06 | Loaded: 344 rows, 7 columns
2026-08-05 21:33:43 | INFO | M06 | Model rows (after dropping missing): 342
2026-08-05 21:33:43 | INFO | M06 | Loading dataset: penguins
2026-08-05 21:33:43 | INFO | M06 | Loaded: 344 rows, 7 columns
2026-08-05 21:33:43 | INFO | M06 | Model rows (after dropping missing): 342
2026-08-05 21:33:43 | INFO | M06 | Train instances: 273
2026-08-05 21:33:43 | INFO | M06 | Test instances:  69
2026-08-05 21:33:43 | INFO | M06 | Loading dataset: penguins
2026-08-05 21:33:43 | INFO | M06 | Loaded: 344 rows, 7 columns
2026-08-05 21:33:43 | INFO | M06 | Model rows (after dropping missing): 342
2026-08-05 21:33:43 | INFO | M06 | Train instances: 273
2026-08-05 21:33:43 | INFO | M06 | Test instances:  69
2026-08-05 21:33:43 | INFO | M06 | Loading dataset: penguins
2026-08-05 21:33:43 | INFO | M06 | Loaded: 344 rows, 7 columns
2026-08-05 21:33:43 | INFO | M06 | Model rows (after dropping missing): 342
2026-08-05 21:33:43 | INFO | M06 | Train instances: 273
2026-08-05 21:33:43 | INFO | M06 | Test instances:  69
2026-08-05 21:33:43 | INFO | M06 | Loading dataset: penguins
2026-08-05 21:33:43 | INFO | M06 | Loaded: 344 rows, 7 columns
2026-08-05 21:33:43 | INFO | M06 | Model rows (after dropping missing): 342
2026-08-05 21:33:43 | INFO | M06 | Train instances: 273
2026-08-05 21:33:43 | INFO | M06 | Test instances:  69
2026-08-05 21:33:43 | INFO | M06 | Loading dataset: penguins
2026-08-05 21:33:43 | INFO | M06 | Loaded: 344 rows, 7 columns
2026-08-05 21:33:43 | INFO | M06 | Model rows (after dropping missing): 342
2026-08-05 21:33:43 | INFO | M06 | Train instances: 273
2026-08-05 21:33:43 | INFO | M06 | Test instances:  69
2026-08-05 21:33:43 | INFO | M06 | Training RandomForestClassifier on 273 instances
2026-08-05 21:33:43 | INFO | M06 | Training complete
2026-08-05 21:33:43 | INFO | M06 | Loading dataset: penguins
2026-08-05 21:33:43 | INFO | M06 | Loaded: 344 rows, 7 columns
2026-08-05 21:33:43 | INFO | M06 | Model rows (after dropping missing): 342
2026-08-05 21:33:43 | INFO | M06 | Train instances: 273
2026-08-05 21:33:43 | INFO | M06 | Test instances:  69
2026-08-05 21:33:43 | INFO | M06 | Training RandomForestClassifier on 273 instances
2026-08-05 21:33:43 | INFO | M06 | Training complete
2026-08-05 21:33:43 | INFO | M06 | Loading dataset: penguins
2026-08-05 21:33:43 | INFO | M06 | Loaded: 344 rows, 7 columns
2026-08-05 21:33:43 | INFO | M06 | Model rows (after dropping missing): 342
2026-08-05 21:33:43 | INFO | M06 | Train instances: 273
2026-08-05 21:33:43 | INFO | M06 | Test instances:  69
2026-08-05 21:33:43 | INFO | M06 | Training RandomForestClassifier on 273 instances
2026-08-05 21:33:44 | INFO | M06 | Training complete
2026-08-05 21:33:44 | INFO | M06 | Loading dataset: penguins
2026-08-05 21:33:44 | INFO | M06 | Loaded: 344 rows, 7 columns
2026-08-05 21:33:44 | INFO | M06 | Model rows (after dropping missing): 342
2026-08-05 21:33:44 | INFO | M06 | Train instances: 273
2026-08-05 21:33:44 | INFO | M06 | Test instances:  69
2026-08-05 21:33:44 | INFO | M06 | Training RandomForestClassifier on 273 instances
2026-08-05 21:33:44 | INFO | M06 | Training complete
2026-08-05 21:33:44 | INFO | M06 | Test accuracy: 1.000
2026-08-05 21:33:44 | INFO | M06 | Loading dataset: penguins
2026-08-05 21:33:44 | INFO | M06 | Loaded: 344 rows, 7 columns
2026-08-05 21:33:44 | INFO | M06 | Model rows (after dropping missing): 342
2026-08-05 21:33:44 | INFO | M06 | Train instances: 273
2026-08-05 21:33:44 | INFO | M06 | Test instances:  69
2026-08-05 21:33:44 | INFO | M06 | Training RandomForestClassifier on 273 instances
2026-08-05 21:33:44 | INFO | M06 | Training complete
2026-08-05 21:33:44 | INFO | M06 | Loading dataset: penguins
2026-08-05 21:33:44 | INFO | M06 | Loaded: 344 rows, 7 columns
2026-08-05 21:33:44 | INFO | M06 | Model rows (after dropping missing): 342
2026-08-05 21:33:44 | INFO | M06 | Train instances: 273
2026-08-05 21:33:44 | INFO | M06 | Test instances:  69
2026-08-05 21:33:44 | INFO | M06 | Training RandomForestClassifier on 273 instances
2026-08-05 21:33:44 | INFO | M06 | Training complete
2026-08-05 21:33:44 | INFO | M06 | Saved model to: C:\Users\caleb\AppData\Local\Temp\pytest-of-caleb\pytest-0\test_save_model_creates_file0\model.joblib
2026-08-05 21:33:44 | INFO | M06 | Loading dataset: penguins
2026-08-05 21:33:44 | INFO | M06 | Loaded: 344 rows, 7 columns
2026-08-05 21:33:44 | INFO | M06 | Model rows (after dropping missing): 342
2026-08-05 21:33:44 | INFO | M06 | Train instances: 273
2026-08-05 21:33:44 | INFO | M06 | Test instances:  69
2026-08-05 21:33:44 | INFO | M06 | Training RandomForestClassifier on 273 instances
2026-08-05 21:33:44 | INFO | M06 | Training complete
2026-08-05 21:33:44 | INFO | M06 | Saved model to: C:\Users\caleb\AppData\Local\Temp\pytest-of-caleb\pytest-0\test_save_model_reloadable0\model.joblib
2026-08-05 22:18:34 | INFO | M06 | === RUN START ===
2026-08-05 22:18:34 | INFO | M06 | project=M06
2026-08-05 22:18:34 | INFO | M06 | repo_dir=CS44670-Module-6
2026-08-05 22:18:34 | INFO | M06 | python=3.14.6
2026-08-05 22:18:34 | INFO | M06 | os=Windows 11
2026-08-05 22:18:34 | INFO | M06 | shell=powershell
2026-08-05 22:18:34 | INFO | M06 | cwd=notebooks
2026-08-05 22:18:34 | INFO | M06 | github_actions=False
2026-08-05 22:18:35 | INFO | M06 | === RUN START ===
2026-08-05 22:18:35 | INFO | M06 | project=M06
2026-08-05 22:18:35 | INFO | M06 | repo_dir=CS44670-Module-6
2026-08-05 22:18:35 | INFO | M06 | python=3.14.6
2026-08-05 22:18:35 | INFO | M06 | os=Windows 11
2026-08-05 22:18:35 | INFO | M06 | shell=powershell
2026-08-05 22:18:35 | INFO | M06 | cwd=notebooks
2026-08-05 22:18:35 | INFO | M06 | github_actions=False
2026-08-05 22:18:35 | INFO | M06 | Loading model from: artifacts\model.joblib
2026-08-05 22:18:35 | ERROR | M06 | Model file not found: artifacts\model.joblib
2026-08-05 22:19:15 | INFO | M06 | === RUN START ===
2026-08-05 22:19:15 | INFO | M06 | project=M06
2026-08-05 22:19:15 | INFO | M06 | repo_dir=CS44670-Module-6
2026-08-05 22:19:15 | INFO | M06 | python=3.14.6
2026-08-05 22:19:15 | INFO | M06 | os=Windows 11
2026-08-05 22:19:15 | INFO | M06 | shell=powershell
2026-08-05 22:19:15 | INFO | M06 | cwd=.
2026-08-05 22:19:15 | INFO | M06 | github_actions=False
2026-08-05 22:19:15 | INFO | M06 | Loading model from: artifacts\model.joblib
2026-08-05 22:19:15 | INFO | M06 | Model loaded successfully
2026-08-05 22:19:40 | INFO | M06 | === RUN START ===
2026-08-05 22:19:40 | INFO | M06 | project=M06
2026-08-05 22:19:40 | INFO | M06 | repo_dir=CS44670-Module-6
2026-08-05 22:19:40 | INFO | M06 | python=3.14.6
2026-08-05 22:19:40 | INFO | M06 | os=Windows 11
2026-08-05 22:19:40 | INFO | M06 | shell=powershell
2026-08-05 22:19:40 | INFO | M06 | cwd=.
2026-08-05 22:19:40 | INFO | M06 | github_actions=False
2026-08-05 22:19:40 | INFO | M06 | Loading model from: artifacts\model.joblib
2026-08-05 22:19:41 | INFO | M06 | Model loaded successfully
2026-08-05 22:20:19 | INFO | M06 | === RUN START ===
2026-08-05 22:20:19 | INFO | M06 | project=M06
2026-08-05 22:20:19 | INFO | M06 | repo_dir=CS44670-Module-6
2026-08-05 22:20:19 | INFO | M06 | python=3.14.6
2026-08-05 22:20:19 | INFO | M06 | os=Windows 11
2026-08-05 22:20:19 | INFO | M06 | shell=powershell
2026-08-05 22:20:19 | INFO | M06 | cwd=notebooks
2026-08-05 22:20:19 | INFO | M06 | github_actions=False
2026-08-05 22:20:19 | INFO | M06 | Loading model from: artifacts\model.joblib
2026-08-05 22:20:19 | ERROR | M06 | Model file not found: artifacts\model.joblib
2026-08-05 22:21:11 | INFO | M06 | === RUN START ===
2026-08-05 22:21:11 | INFO | M06 | project=M06
2026-08-05 22:21:11 | INFO | M06 | repo_dir=CS44670-Module-6
2026-08-05 22:21:11 | INFO | M06 | python=3.14.6
2026-08-05 22:21:11 | INFO | M06 | os=Windows 11
2026-08-05 22:21:11 | INFO | M06 | shell=powershell
2026-08-05 22:21:11 | INFO | M06 | cwd=.
2026-08-05 22:21:11 | INFO | M06 | github_actions=False
2026-08-05 22:21:11 | INFO | M06 | Loading model from: artifacts\model.joblib
2026-08-05 22:21:11 | INFO | M06 | Model loaded successfully
2026-08-05 22:21:36 | INFO | M06 | === RUN START ===
2026-08-05 22:21:36 | INFO | M06 | project=M06
2026-08-05 22:21:36 | INFO | M06 | repo_dir=CS44670-Module-6
2026-08-05 22:21:36 | INFO | M06 | python=3.14.6
2026-08-05 22:21:36 | INFO | M06 | os=Windows 11
2026-08-05 22:21:36 | INFO | M06 | shell=powershell
2026-08-05 22:21:36 | INFO | M06 | cwd=notebooks
2026-08-05 22:21:36 | INFO | M06 | github_actions=False
2026-08-05 22:21:36 | INFO | M06 | === RUN START ===
2026-08-05 22:21:36 | INFO | M06 | project=M06
2026-08-05 22:21:36 | INFO | M06 | repo_dir=CS44670-Module-6
2026-08-05 22:21:36 | INFO | M06 | python=3.14.6
2026-08-05 22:21:36 | INFO | M06 | os=Windows 11
2026-08-05 22:21:36 | INFO | M06 | shell=powershell
2026-08-05 22:21:36 | INFO | M06 | cwd=notebooks
2026-08-05 22:21:36 | INFO | M06 | github_actions=False
2026-08-05 22:21:36 | INFO | M06 | Loading model from: artifacts\model.joblib
2026-08-05 22:21:36 | ERROR | M06 | Model file not found: artifacts\model.joblib
2026-08-05 22:22:41 | INFO | M06 | === RUN START ===
2026-08-05 22:22:41 | INFO | M06 | project=M06
2026-08-05 22:22:41 | INFO | M06 | repo_dir=CS44670-Module-6
2026-08-05 22:22:41 | INFO | M06 | python=3.14.6
2026-08-05 22:22:41 | INFO | M06 | os=Windows 11
2026-08-05 22:22:41 | INFO | M06 | shell=powershell
2026-08-05 22:22:41 | INFO | M06 | cwd=.
2026-08-05 22:22:41 | INFO | M06 | github_actions=False
2026-08-05 22:22:41 | INFO | M06 | Loading model from: artifacts\model.joblib
2026-08-05 22:22:41 | ERROR | M06 | Model file not found: artifacts\model.joblib
2026-08-05 22:23:07 | INFO | M06 | === RUN START ===
2026-08-05 22:23:07 | INFO | M06 | project=M06
2026-08-05 22:23:07 | INFO | M06 | repo_dir=CS44670-Module-6
2026-08-05 22:23:07 | INFO | M06 | python=3.14.6
2026-08-05 22:23:07 | INFO | M06 | os=Windows 11
2026-08-05 22:23:07 | INFO | M06 | shell=powershell
2026-08-05 22:23:07 | INFO | M06 | cwd=.
2026-08-05 22:23:07 | INFO | M06 | github_actions=False
2026-08-05 22:23:07 | INFO | M06 | Load data.................
2026-08-05 22:23:07 | INFO | M06 | Loading dataset: penguins
2026-08-05 22:23:07 | INFO | M06 | Loaded: 344 rows, 7 columns
2026-08-05 22:23:07 | INFO | M06 | Model rows (after dropping missing): 342
2026-08-05 22:23:07 | INFO | M06 | Split data................
2026-08-05 22:23:07 | INFO | M06 | Train instances: 273
2026-08-05 22:23:07 | INFO | M06 | Test instances:  69
2026-08-05 22:23:07 | INFO | M06 | Train model...............
2026-08-05 22:23:07 | INFO | M06 | Training RandomForestClassifier on 273 instances
2026-08-05 22:23:07 | INFO | M06 | Training complete
2026-08-05 22:23:07 | INFO | M06 | Evaluate model............
2026-08-05 22:23:07 | INFO | M06 | Test accuracy: 1.000
2026-08-05 22:23:07 | INFO | M06 | Save model................
2026-08-05 22:23:07 | INFO | M06 | Saved model to: artifacts\model.joblib
2026-08-05 22:23:07 | INFO | M06 | Summarize.................
2026-08-05 22:23:07 | INFO | M06 | ========================
2026-08-05 22:23:07 | INFO | M06 | SUMMARY
2026-08-05 22:23:07 | INFO | M06 | ========================
2026-08-05 22:23:07 | INFO | M06 | Dataset:  penguins
2026-08-05 22:23:07 | INFO | M06 | Target:   species
2026-08-05 22:23:07 | INFO | M06 | Features: ['bill_length_mm', 'bill_depth_mm', 'flipper_length_mm', 'body_mass_g']
2026-08-05 22:23:07 | INFO | M06 | Artifact: artifacts\model.joblib
2026-08-05 22:23:07 | INFO | M06 | ========================
2026-08-05 22:23:07 | INFO | M06 | ========================
2026-08-05 22:23:07 | INFO | M06 | Executed successfully!
2026-08-05 22:23:07 | INFO | M06 | ========================
2026-08-05 22:23:13 | INFO | M06 | === RUN START ===
2026-08-05 22:23:13 | INFO | M06 | project=M06
2026-08-05 22:23:13 | INFO | M06 | repo_dir=CS44670-Module-6
2026-08-05 22:23:13 | INFO | M06 | python=3.14.6
2026-08-05 22:23:13 | INFO | M06 | os=Windows 11
2026-08-05 22:23:13 | INFO | M06 | shell=powershell
2026-08-05 22:23:13 | INFO | M06 | cwd=.
2026-08-05 22:23:13 | INFO | M06 | github_actions=False
2026-08-05 22:23:13 | INFO | M06 | Loading model from: artifacts\model.joblib
2026-08-05 22:23:13 | INFO | M06 | Model loaded successfully
2026-08-05 22:23:19 | INFO | M06 | === RUN START ===
2026-08-05 22:23:19 | INFO | M06 | project=M06
2026-08-05 22:23:19 | INFO | M06 | repo_dir=CS44670-Module-6
2026-08-05 22:23:19 | INFO | M06 | python=3.14.6
2026-08-05 22:23:19 | INFO | M06 | os=Windows 11
2026-08-05 22:23:19 | INFO | M06 | shell=powershell
2026-08-05 22:23:19 | INFO | M06 | cwd=notebooks
2026-08-05 22:23:19 | INFO | M06 | github_actions=False
2026-08-05 22:23:19 | INFO | M06 | Loading model from: artifacts\model.joblib
2026-08-05 22:23:19 | ERROR | M06 | Model file not found: artifacts\model.joblib
2026-08-05 22:23:46 | INFO | ML | === RUN START ===
2026-08-05 22:23:46 | INFO | ML | project=ML
2026-08-05 22:23:46 | INFO | ML | repo_dir=CS44670-Module-6
2026-08-05 22:23:46 | INFO | ML | python=3.14.6
2026-08-05 22:23:46 | INFO | ML | os=Windows 11
2026-08-05 22:23:46 | INFO | ML | shell=powershell
2026-08-05 22:23:46 | INFO | ML | cwd=.
2026-08-05 22:23:46 | INFO | ML | github_actions=False
2026-08-05 22:23:46 | INFO | ML | === RUN START ===
2026-08-05 22:23:46 | INFO | ML | project=ML
2026-08-05 22:23:46 | INFO | ML | repo_dir=CS44670-Module-6
2026-08-05 22:23:46 | INFO | ML | python=3.14.6
2026-08-05 22:23:46 | INFO | ML | os=Windows 11
2026-08-05 22:23:46 | INFO | ML | shell=powershell
2026-08-05 22:23:46 | INFO | ML | cwd=.
2026-08-05 22:23:46 | INFO | ML | github_actions=False
2026-08-05 22:23:46 | INFO | ML | ========================
2026-08-05 22:23:46 | INFO | ML | START main()
2026-08-05 22:23:46 | INFO | ML | ========================
2026-08-05 22:23:46 | INFO | ML | Load dataset..............
2026-08-05 22:23:46 | INFO | ML | Loading dataset: hours_scores_case
2026-08-05 22:23:46 | INFO | ML | Loaded: 10 rows, 6 columns
2026-08-05 22:23:46 | DEBUG | ML | 
   hours_studied  practice_quizzes  attendance_pct  sleep_hours  prior_score  score
0            2.0                 1              72          6.0           58     62
1            3.5                 2              80          6.5           61     68
2            4.0                 3              85          7.0           64     72
3            5.0                 3              88          7.5           66     76
4            6.0                 4              90          7.0           70     81
2026-08-05 22:23:46 | INFO | ML | Inspect dataset...........
2026-08-05 22:23:46 | INFO | ML | Column names
2026-08-05 22:23:46 | DEBUG | ML | ['hours_studied', 'practice_quizzes', 'attendance_pct', 'sleep_hours', 'prior_score', 'score']
2026-08-05 22:23:46 | INFO | ML | DataFrame info
2026-08-05 22:23:46 | INFO | ML | Dataset shape: 10 rows, 6 columns
2026-08-05 22:23:46 | INFO | ML | Check data quality........
2026-08-05 22:23:46 | INFO | ML | Missing values by column
2026-08-05 22:23:46 | DEBUG | ML | 
hours_studied       0
practice_quizzes    0
attendance_pct      0
sleep_hours         0
prior_score         0
score               0
dtype: int64
2026-08-05 22:23:46 | INFO | ML | Duplicate row count: 0
2026-08-05 22:23:46 | INFO | ML | Create clean view.........
2026-08-05 22:23:46 | INFO | ML | Creating clean modeling view
2026-08-05 22:23:46 | INFO | ML | Clean view: 10 rows, 6 columns
2026-08-05 22:23:46 | INFO | ML | Train supervised model....
2026-08-05 22:23:46 | INFO | ML | Training LinearRegression model
2026-08-05 22:23:46 | INFO | ML | Mean absolute error: 0.48
2026-08-05 22:23:46 | INFO | ML | R-squared: 1.00
2026-08-05 22:23:46 | INFO | ML | Predict one case..........
2026-08-05 22:23:46 | INFO | ML | Predicting one new case
2026-08-05 22:23:46 | INFO | ML | New case:
   hours_studied  practice_quizzes  attendance_pct  sleep_hours  prior_score
0            6.5                 4              92          7.0           72
2026-08-05 22:23:46 | INFO | ML | Predicted score: 83.4
2026-08-05 22:23:46 | INFO | ML | Create charts.............
2026-08-05 22:23:46 | INFO | ML | Creating chart: hours studied vs score
2026-08-05 22:23:46 | INFO | ML | Creating chart: model coefficients
2026-08-05 22:23:46 | INFO | ML | Got a figure Figure(900x500) and axes Axes(0.125,0.11;0.775x0.77) from plt.subplots().
2026-08-05 22:23:46 | INFO | ML | Summarize workflow........
2026-08-05 22:23:46 | INFO | ML | ========================
2026-08-05 22:23:46 | INFO | ML | SUMMARY
2026-08-05 22:23:46 | INFO | ML | ========================
2026-08-05 22:23:46 | INFO | ML | Dataset: hours_scores_case
2026-08-05 22:23:46 | INFO | ML | Original rows: 10
2026-08-05 22:23:46 | INFO | ML | Clean rows: 10
2026-08-05 22:23:46 | INFO | ML | Features: ['hours_studied', 'practice_quizzes', 'attendance_pct', 'sleep_hours', 'prior_score']
2026-08-05 22:23:46 | INFO | ML | Target: score
2026-08-05 22:23:46 | INFO | ML | ----- in a script, call plt.show() once at the end to display all charts -----
2026-08-05 22:23:46 | INFO | ML | ----- in a script, CLOSE the chart windows with the close button to CONTINUE -----
2026-08-05 22:23:55 | INFO | ML | Workflow complete
2026-08-05 22:23:55 | INFO | ML | IMPORTANT: This script creates chart windows.
2026-08-05 22:23:55 | INFO | ML | Close chart windows and terminate this process with CTRL+c as needed.
2026-08-05 22:23:55 | INFO | ML | ========================
2026-08-05 22:23:55 | INFO | ML | Executed successfully!
2026-08-05 22:23:55 | INFO | ML | ========================
2026-08-05 22:24:21 | INFO | M06 | === RUN START ===
2026-08-05 22:24:21 | INFO | M06 | project=M06
2026-08-05 22:24:21 | INFO | M06 | repo_dir=CS44670-Module-6
2026-08-05 22:24:21 | INFO | M06 | python=3.14.6
2026-08-05 22:24:21 | INFO | M06 | os=Windows 11
2026-08-05 22:24:21 | INFO | M06 | shell=powershell
2026-08-05 22:24:21 | INFO | M06 | cwd=notebooks
2026-08-05 22:24:21 | INFO | M06 | github_actions=False
2026-08-05 22:24:21 | INFO | M06 | === RUN START ===
2026-08-05 22:24:21 | INFO | M06 | project=M06
2026-08-05 22:24:21 | INFO | M06 | repo_dir=CS44670-Module-6
2026-08-05 22:24:21 | INFO | M06 | python=3.14.6
2026-08-05 22:24:21 | INFO | M06 | os=Windows 11
2026-08-05 22:24:21 | INFO | M06 | shell=powershell
2026-08-05 22:24:21 | INFO | M06 | cwd=notebooks
2026-08-05 22:24:21 | INFO | M06 | github_actions=False
2026-08-05 22:24:21 | INFO | M06 | Loading model from: artifacts\model.joblib
2026-08-05 22:24:21 | ERROR | M06 | Model file not found: artifacts\model.joblib
2026-08-05 22:25:05 | INFO | ML | === RUN START ===
2026-08-05 22:25:05 | INFO | ML | project=ML
2026-08-05 22:25:05 | INFO | ML | repo_dir=CS44670-Module-6
2026-08-05 22:25:05 | INFO | ML | python=3.14.6
2026-08-05 22:25:05 | INFO | ML | os=Windows 11
2026-08-05 22:25:05 | INFO | ML | shell=powershell
2026-08-05 22:25:05 | INFO | ML | cwd=.
2026-08-05 22:25:05 | INFO | ML | github_actions=False
2026-08-05 22:25:05 | INFO | ML | === RUN START ===
2026-08-05 22:25:05 | INFO | ML | project=ML
2026-08-05 22:25:05 | INFO | ML | repo_dir=CS44670-Module-6
2026-08-05 22:25:05 | INFO | ML | python=3.14.6
2026-08-05 22:25:05 | INFO | ML | os=Windows 11
2026-08-05 22:25:05 | INFO | ML | shell=powershell
2026-08-05 22:25:05 | INFO | ML | cwd=.
2026-08-05 22:25:05 | INFO | ML | github_actions=False
2026-08-05 22:25:05 | INFO | ML | ========================
2026-08-05 22:25:05 | INFO | ML | START main()
2026-08-05 22:25:05 | INFO | ML | ========================
2026-08-05 22:25:05 | INFO | ML | Load dataset..............
2026-08-05 22:25:05 | INFO | ML | Loading dataset: hours_scores_case
2026-08-05 22:25:05 | INFO | ML | Loaded: 10 rows, 6 columns
2026-08-05 22:25:05 | DEBUG | ML | 
   hours_studied  practice_quizzes  attendance_pct  sleep_hours  prior_score  score
0            2.0                 1              72          6.0           58     62
1            3.5                 2              80          6.5           61     68
2            4.0                 3              85          7.0           64     72
3            5.0                 3              88          7.5           66     76
4            6.0                 4              90          7.0           70     81
2026-08-05 22:25:05 | INFO | ML | Inspect dataset...........
2026-08-05 22:25:05 | INFO | ML | Column names
2026-08-05 22:25:05 | DEBUG | ML | ['hours_studied', 'practice_quizzes', 'attendance_pct', 'sleep_hours', 'prior_score', 'score']
2026-08-05 22:25:05 | INFO | ML | DataFrame info
2026-08-05 22:25:05 | INFO | ML | Dataset shape: 10 rows, 6 columns
2026-08-05 22:25:05 | INFO | ML | Check data quality........
2026-08-05 22:25:05 | INFO | ML | Missing values by column
2026-08-05 22:25:05 | DEBUG | ML | 
hours_studied       0
practice_quizzes    0
attendance_pct      0
sleep_hours         0
prior_score         0
score               0
dtype: int64
2026-08-05 22:25:05 | INFO | ML | Duplicate row count: 0
2026-08-05 22:25:05 | INFO | ML | Create clean view.........
2026-08-05 22:25:05 | INFO | ML | Creating clean modeling view
2026-08-05 22:25:05 | INFO | ML | Clean view: 10 rows, 6 columns
2026-08-05 22:25:05 | INFO | ML | Train supervised model....
2026-08-05 22:25:05 | INFO | ML | Training LinearRegression model
2026-08-05 22:25:05 | INFO | ML | Mean absolute error: 0.48
2026-08-05 22:25:05 | INFO | ML | R-squared: 1.00
2026-08-05 22:25:05 | INFO | ML | Predict one case..........
2026-08-05 22:25:05 | INFO | ML | Predicting one new case
2026-08-05 22:25:05 | INFO | ML | New case:
   hours_studied  practice_quizzes  attendance_pct  sleep_hours  prior_score
0            6.5                 4              92          7.0           72
2026-08-05 22:25:05 | INFO | ML | Predicted score: 83.4
2026-08-05 22:25:05 | INFO | ML | Create charts.............
2026-08-05 22:25:05 | INFO | ML | Creating chart: hours studied vs score
2026-08-05 22:25:05 | INFO | ML | Creating chart: model coefficients
2026-08-05 22:25:06 | INFO | ML | Got a figure Figure(900x500) and axes Axes(0.125,0.11;0.775x0.77) from plt.subplots().
2026-08-05 22:25:06 | INFO | ML | Summarize workflow........
2026-08-05 22:25:06 | INFO | ML | ========================
2026-08-05 22:25:06 | INFO | ML | SUMMARY
2026-08-05 22:25:06 | INFO | ML | ========================
2026-08-05 22:25:06 | INFO | ML | Dataset: hours_scores_case
2026-08-05 22:25:06 | INFO | ML | Original rows: 10
2026-08-05 22:25:06 | INFO | ML | Clean rows: 10
2026-08-05 22:25:06 | INFO | ML | Features: ['hours_studied', 'practice_quizzes', 'attendance_pct', 'sleep_hours', 'prior_score']
2026-08-05 22:25:06 | INFO | ML | Target: score
2026-08-05 22:25:06 | INFO | ML | ----- in a script, call plt.show() once at the end to display all charts -----
2026-08-05 22:25:06 | INFO | ML | ----- in a script, CLOSE the chart windows with the close button to CONTINUE -----
2026-08-05 22:25:09 | INFO | ML | Workflow complete
2026-08-05 22:25:09 | INFO | ML | IMPORTANT: This script creates chart windows.
2026-08-05 22:25:09 | INFO | ML | Close chart windows and terminate this process with CTRL+c as needed.
2026-08-05 22:25:09 | INFO | ML | ========================
2026-08-05 22:25:09 | INFO | ML | Executed successfully!
2026-08-05 22:25:09 | INFO | ML | ========================
2026-08-05 22:27:57 | INFO | M06 | === RUN START ===
2026-08-05 22:27:57 | INFO | M06 | project=M06
2026-08-05 22:27:57 | INFO | M06 | repo_dir=CS44670-Module-6
2026-08-05 22:27:57 | INFO | M06 | python=3.14.6
2026-08-05 22:27:57 | INFO | M06 | os=Windows 11
2026-08-05 22:27:57 | INFO | M06 | shell=powershell
2026-08-05 22:27:57 | INFO | M06 | cwd=notebooks
2026-08-05 22:27:57 | INFO | M06 | github_actions=False
2026-08-05 22:27:57 | INFO | M06 | Loading model from: artifacts\model.joblib
2026-08-05 22:27:57 | ERROR | M06 | Model file not found: artifacts\model.joblib
2026-08-05 22:28:02 | INFO | M06 | === RUN START ===
2026-08-05 22:28:02 | INFO | M06 | project=M06
2026-08-05 22:28:02 | INFO | M06 | repo_dir=CS44670-Module-6
2026-08-05 22:28:02 | INFO | M06 | python=3.14.6
2026-08-05 22:28:02 | INFO | M06 | os=Windows 11
2026-08-05 22:28:02 | INFO | M06 | shell=powershell
2026-08-05 22:28:02 | INFO | M06 | cwd=notebooks
2026-08-05 22:28:02 | INFO | M06 | github_actions=False
2026-08-05 22:28:02 | INFO | M06 | Loading model from: artifacts\model.joblib
2026-08-05 22:28:02 | ERROR | M06 | Model file not found: artifacts\model.joblib
2026-08-05 22:58:11 | INFO | M06 | === RUN START ===
2026-08-05 22:58:11 | INFO | M06 | project=M06
2026-08-05 22:58:11 | INFO | M06 | repo_dir=CS44670-Module-6
2026-08-05 22:58:11 | INFO | M06 | python=3.14.6
2026-08-05 22:58:11 | INFO | M06 | os=Windows 11
2026-08-05 22:58:11 | INFO | M06 | shell=powershell
2026-08-05 22:58:11 | INFO | M06 | cwd=.
2026-08-05 22:58:11 | INFO | M06 | github_actions=False
2026-08-05 22:58:11 | INFO | M06 | Loading model from: artifacts\model.joblib
2026-08-05 22:58:11 | INFO | M06 | Model loaded successfully
2026-08-05 22:59:06 | INFO | M06 | === RUN START ===
2026-08-05 22:59:06 | INFO | M06 | project=M06
2026-08-05 22:59:06 | INFO | M06 | repo_dir=CS44670-Module-6
2026-08-05 22:59:06 | INFO | M06 | python=3.14.6
2026-08-05 22:59:06 | INFO | M06 | os=Windows 11
2026-08-05 22:59:06 | INFO | M06 | shell=powershell
2026-08-05 22:59:06 | INFO | M06 | cwd=.
2026-08-05 22:59:06 | INFO | M06 | github_actions=False
2026-08-05 22:59:06 | INFO | M06 | Loading model from: ..\artifacts\model.joblib
2026-08-05 22:59:06 | ERROR | M06 | Model file not found: ..\artifacts\model.joblib
2026-08-05 22:59:31 | INFO | M06 | === RUN START ===
2026-08-05 22:59:31 | INFO | M06 | project=M06
2026-08-05 22:59:31 | INFO | M06 | repo_dir=CS44670-Module-6
2026-08-05 22:59:31 | INFO | M06 | python=3.14.6
2026-08-05 22:59:31 | INFO | M06 | os=Windows 11
2026-08-05 22:59:31 | INFO | M06 | shell=powershell
2026-08-05 22:59:31 | INFO | M06 | cwd=.
2026-08-05 22:59:31 | INFO | M06 | github_actions=False
2026-08-05 22:59:31 | INFO | M06 | Loading model from: \artifacts\model.joblib
2026-08-05 22:59:31 | ERROR | M06 | Model file not found: \artifacts\model.joblib
2026-08-05 23:01:03 | INFO | M06 | === RUN START ===
2026-08-05 23:01:03 | INFO | M06 | project=M06
2026-08-05 23:01:03 | INFO | M06 | repo_dir=CS44670-Module-6
2026-08-05 23:01:03 | INFO | M06 | python=3.14.6
2026-08-05 23:01:03 | INFO | M06 | os=Windows 11
2026-08-05 23:01:03 | INFO | M06 | shell=powershell
2026-08-05 23:01:03 | INFO | M06 | cwd=.
2026-08-05 23:01:03 | INFO | M06 | github_actions=False
2026-08-05 23:01:03 | INFO | M06 | Loading model from: artifacts\model.joblib
2026-08-05 23:01:03 | INFO | M06 | Model loaded successfully
2026-08-05 23:01:23 | INFO | M06 | === RUN START ===
2026-08-05 23:01:23 | INFO | M06 | project=M06
2026-08-05 23:01:23 | INFO | M06 | repo_dir=CS44670-Module-6
2026-08-05 23:01:23 | INFO | M06 | python=3.14.6
2026-08-05 23:01:23 | INFO | M06 | os=Windows 11
2026-08-05 23:01:23 | INFO | M06 | shell=powershell
2026-08-05 23:01:23 | INFO | M06 | cwd=notebooks
2026-08-05 23:01:23 | INFO | M06 | github_actions=False
2026-08-05 23:01:23 | INFO | M06 | === RUN START ===
2026-08-05 23:01:23 | INFO | M06 | project=M06
2026-08-05 23:01:23 | INFO | M06 | repo_dir=CS44670-Module-6
2026-08-05 23:01:23 | INFO | M06 | python=3.14.6
2026-08-05 23:01:23 | INFO | M06 | os=Windows 11
2026-08-05 23:01:23 | INFO | M06 | shell=powershell
2026-08-05 23:01:23 | INFO | M06 | cwd=notebooks
2026-08-05 23:01:23 | INFO | M06 | github_actions=False
2026-08-05 23:01:23 | INFO | M06 | Loading model from: artifacts\model.joblib
2026-08-05 23:01:23 | ERROR | M06 | Model file not found: artifacts\model.joblib
2026-08-05 23:06:46 | INFO | M06 | === RUN START ===
2026-08-05 23:06:46 | INFO | M06 | project=M06
2026-08-05 23:06:46 | INFO | M06 | repo_dir=CS44670-Module-6
2026-08-05 23:06:46 | INFO | M06 | python=3.14.6
2026-08-05 23:06:46 | INFO | M06 | os=Windows 11
2026-08-05 23:06:46 | INFO | M06 | shell=powershell
2026-08-05 23:06:46 | INFO | M06 | cwd=.
2026-08-05 23:06:46 | INFO | M06 | github_actions=False
2026-08-05 23:06:46 | INFO | M06 | Loading model from: ..\artifacts\model.joblib
2026-08-05 23:06:46 | ERROR | M06 | Model file not found: ..\artifacts\model.joblib
2026-08-05 23:08:01 | INFO | M06 | === RUN START ===
2026-08-05 23:08:01 | INFO | M06 | project=M06
2026-08-05 23:08:01 | INFO | M06 | repo_dir=CS44670-Module-6
2026-08-05 23:08:01 | INFO | M06 | python=3.14.6
2026-08-05 23:08:01 | INFO | M06 | os=Windows 11
2026-08-05 23:08:01 | INFO | M06 | shell=powershell
2026-08-05 23:08:01 | INFO | M06 | cwd=notebooks
2026-08-05 23:08:01 | INFO | M06 | github_actions=False
2026-08-05 23:08:01 | INFO | M06 | Loading model from: artifacts\model.joblib
2026-08-05 23:08:01 | ERROR | M06 | Model file not found: artifacts\model.joblib
2026-08-05 23:08:06 | INFO | M06 | === RUN START ===
2026-08-05 23:08:06 | INFO | M06 | project=M06
2026-08-05 23:08:06 | INFO | M06 | repo_dir=CS44670-Module-6
2026-08-05 23:08:06 | INFO | M06 | python=3.14.6
2026-08-05 23:08:06 | INFO | M06 | os=Windows 11
2026-08-05 23:08:06 | INFO | M06 | shell=powershell
2026-08-05 23:08:06 | INFO | M06 | cwd=notebooks
2026-08-05 23:08:06 | INFO | M06 | github_actions=False
2026-08-05 23:08:06 | INFO | M06 | Loading model from: artifacts\model.joblib
2026-08-05 23:08:06 | ERROR | M06 | Model file not found: artifacts\model.joblib
2026-08-05 23:10:11 | INFO | M06 | === RUN START ===
2026-08-05 23:10:11 | INFO | M06 | project=M06
2026-08-05 23:10:11 | INFO | M06 | repo_dir=CS44670-Module-6
2026-08-05 23:10:11 | INFO | M06 | python=3.14.6
2026-08-05 23:10:11 | INFO | M06 | os=Windows 11
2026-08-05 23:10:11 | INFO | M06 | shell=powershell
2026-08-05 23:10:11 | INFO | M06 | cwd=notebooks
2026-08-05 23:10:11 | INFO | M06 | github_actions=False
2026-08-05 23:10:11 | INFO | M06 | Loading model from: artifacts\model.joblib
2026-08-05 23:10:11 | ERROR | M06 | Model file not found: artifacts\model.joblib
2026-08-05 23:10:21 | INFO | M06 | === RUN START ===
2026-08-05 23:10:21 | INFO | M06 | project=M06
2026-08-05 23:10:21 | INFO | M06 | repo_dir=CS44670-Module-6
2026-08-05 23:10:21 | INFO | M06 | python=3.14.6
2026-08-05 23:10:21 | INFO | M06 | os=Windows 11
2026-08-05 23:10:21 | INFO | M06 | shell=powershell
2026-08-05 23:10:21 | INFO | M06 | cwd=notebooks
2026-08-05 23:10:21 | INFO | M06 | github_actions=False
2026-08-05 23:10:21 | INFO | M06 | Loading model from: artifacts\model.joblib
2026-08-05 23:10:21 | ERROR | M06 | Model file not found: artifacts\model.joblib
2026-08-05 23:12:28 | INFO | M06 | === RUN START ===
2026-08-05 23:12:28 | INFO | M06 | project=M06
2026-08-05 23:12:28 | INFO | M06 | repo_dir=CS44670-Module-6
2026-08-05 23:12:28 | INFO | M06 | python=3.14.6
2026-08-05 23:12:28 | INFO | M06 | os=Windows 11
2026-08-05 23:12:28 | INFO | M06 | shell=powershell
2026-08-05 23:12:28 | INFO | M06 | cwd=notebooks
2026-08-05 23:12:28 | INFO | M06 | github_actions=False
2026-08-05 23:12:28 | INFO | M06 | Loading model from: artifacts\model.joblib
2026-08-05 23:12:28 | ERROR | M06 | Model file not found: artifacts\model.joblib
2026-08-05 23:14:34 | INFO | M06 | === RUN START ===
2026-08-05 23:14:34 | INFO | M06 | project=M06
2026-08-05 23:14:34 | INFO | M06 | repo_dir=CS44670-Module-6
2026-08-05 23:14:34 | INFO | M06 | python=3.14.6
2026-08-05 23:14:34 | INFO | M06 | os=Windows 11
2026-08-05 23:14:34 | INFO | M06 | shell=powershell
2026-08-05 23:14:34 | INFO | M06 | cwd=.
2026-08-05 23:14:34 | INFO | M06 | github_actions=False
2026-08-05 23:14:34 | INFO | M06 | Loading model from: C:\Users\caleb\Documents\School\44670\CS44670-Module-6\artifacts\model.joblib
2026-08-05 23:14:34 | INFO | M06 | Model loaded successfully
2026-08-05 23:14:39 | INFO | M06 | === RUN START ===
2026-08-05 23:14:39 | INFO | M06 | project=M06
2026-08-05 23:14:39 | INFO | M06 | repo_dir=CS44670-Module-6
2026-08-05 23:14:39 | INFO | M06 | python=3.14.6
2026-08-05 23:14:39 | INFO | M06 | os=Windows 11
2026-08-05 23:14:39 | INFO | M06 | shell=powershell
2026-08-05 23:14:39 | INFO | M06 | cwd=notebooks
2026-08-05 23:14:39 | INFO | M06 | github_actions=False
2026-08-05 23:14:39 | INFO | M06 | Loading model from: C:\Users\caleb\Documents\School\44670\CS44670-Module-6\artifacts\model.joblib
2026-08-05 23:14:39 | INFO | M06 | Model loaded successfully
2026-08-05 23:14:39 | INFO | M06 | === RUN START ===
2026-08-05 23:14:39 | INFO | M06 | project=M06
2026-08-05 23:14:39 | INFO | M06 | repo_dir=CS44670-Module-6
2026-08-05 23:14:39 | INFO | M06 | python=3.14.6
2026-08-05 23:14:39 | INFO | M06 | os=Windows 11
2026-08-05 23:14:39 | INFO | M06 | shell=powershell
2026-08-05 23:14:39 | INFO | M06 | cwd=notebooks
2026-08-05 23:14:39 | INFO | M06 | github_actions=False
2026-08-05 23:14:39 | INFO | M06 | Confirming installation:
2026-08-05 23:14:39 | INFO | M06 |   python:       3.14.6
2026-08-05 23:14:39 | INFO | M06 |   pandas:       3.0.5
2026-08-05 23:14:39 | INFO | M06 | Model artifact will be saved to: artifacts\model.joblib
2026-08-05 23:15:29 | INFO | M06 | Loading dataset: penguins
2026-08-05 23:15:29 | INFO | M06 | Loading dataset: penguins
2026-08-05 23:15:29 | INFO | M06 | Loaded: 344 rows, 7 columns
2026-08-05 23:15:29 | INFO | M06 | Model rows (after dropping missing): 342
2026-08-05 23:15:29 | INFO | M06 | Model rows: 342
2026-08-05 23:15:29 | INFO | M06 | Classes in 'species': ['Adelie', 'Chinstrap', 'Gentoo']
2026-08-05 23:15:31 | INFO | M06 | Train instances: 273
2026-08-05 23:15:31 | INFO | M06 | Test instances:  69
2026-08-05 23:15:31 | INFO | M06 | Train instances: 273
2026-08-05 23:15:31 | INFO | M06 | Test instances:  69
2026-08-05 23:15:33 | INFO | M06 | Training RandomForestClassifier on 273 instances
2026-08-05 23:15:33 | INFO | M06 | Training complete
2026-08-05 23:15:33 | INFO | M06 | Saved model to: artifacts\model.joblib
2026-08-05 23:15:33 | INFO | M06 | Reloaded model from: artifacts\model.joblib
2026-08-05 23:15:34 | INFO | M06 | Valid payload -> {'prediction': 'Chinstrap'}
2026-08-05 23:15:34 | INFO | M06 | Invalid payload handled cleanly -> ValueError: Missing required feature: 'bill_depth_mm'
2026-08-05 23:15:37 | INFO | M06 | ========================
2026-08-05 23:15:37 | INFO | M06 | SUMMARY
2026-08-05 23:15:37 | INFO | M06 | ========================
2026-08-05 23:15:37 | INFO | M06 | Dataset:  penguins
2026-08-05 23:15:37 | INFO | M06 | Target:   species
2026-08-05 23:15:37 | INFO | M06 | Features: ['bill_length_mm', 'bill_depth_mm', 'flipper_length_mm', 'body_mass_g']
2026-08-05 23:15:37 | INFO | M06 | Artifact: artifacts\model.joblib
2026-08-05 23:15:37 | INFO | M06 | ========================
2026-08-09 13:38:26 | INFO | M06 | === RUN START ===
2026-08-09 13:38:26 | INFO | M06 | project=M06
2026-08-09 13:38:26 | INFO | M06 | repo_dir=CS44670-Module-6
2026-08-09 13:38:26 | INFO | M06 | python=3.14.6
2026-08-09 13:38:26 | INFO | M06 | os=Windows 11
2026-08-09 13:38:26 | INFO | M06 | shell=powershell
2026-08-09 13:38:26 | INFO | M06 | cwd=notebooks
2026-08-09 13:38:26 | INFO | M06 | github_actions=False
2026-08-09 13:38:27 | INFO | M06 | === RUN START ===
2026-08-09 13:38:27 | INFO | M06 | project=M06
2026-08-09 13:38:27 | INFO | M06 | repo_dir=CS44670-Module-6
2026-08-09 13:38:27 | INFO | M06 | python=3.14.6
2026-08-09 13:38:27 | INFO | M06 | os=Windows 11
2026-08-09 13:38:27 | INFO | M06 | shell=powershell
2026-08-09 13:38:27 | INFO | M06 | cwd=notebooks
2026-08-09 13:38:27 | INFO | M06 | github_actions=False
2026-08-09 13:38:27 | INFO | M06 | Loading model from: C:\Users\caleb\Documents\School\44670\CS44670-Module-6\artifacts\model.joblib
2026-08-09 13:38:27 | INFO | M06 | Model loaded successfully
2026-08-09 13:38:27 | INFO | M06 | === RUN START ===
2026-08-09 13:38:27 | INFO | M06 | project=M06
2026-08-09 13:38:27 | INFO | M06 | repo_dir=CS44670-Module-6
2026-08-09 13:38:27 | INFO | M06 | python=3.14.6
2026-08-09 13:38:27 | INFO | M06 | os=Windows 11
2026-08-09 13:38:27 | INFO | M06 | shell=powershell
2026-08-09 13:38:27 | INFO | M06 | cwd=notebooks
2026-08-09 13:38:27 | INFO | M06 | github_actions=False
2026-08-09 13:38:27 | INFO | M06 | Confirming installation:
2026-08-09 13:38:27 | INFO | M06 |   python:       3.14.6
2026-08-09 13:38:27 | INFO | M06 |   pandas:       3.0.5
2026-08-09 13:38:27 | INFO | M06 | Model artifact will be saved to: artifacts\model.joblib
2026-08-09 13:38:35 | INFO | M06 | Loading dataset: penguins
2026-08-09 13:38:35 | INFO | M06 | Loading dataset: penguins
2026-08-09 13:38:35 | INFO | M06 | Loaded: 344 rows, 7 columns
2026-08-09 13:38:35 | INFO | M06 | Model rows (after dropping missing): 342
2026-08-09 13:38:35 | INFO | M06 | Model rows: 342
2026-08-09 13:38:35 | INFO | M06 | Classes in 'species': ['Adelie', 'Chinstrap', 'Gentoo']
2026-08-09 13:38:38 | INFO | M06 | Train instances: 273
2026-08-09 13:38:38 | INFO | M06 | Test instances:  69
2026-08-09 13:38:38 | INFO | M06 | Train instances: 273
2026-08-09 13:38:38 | INFO | M06 | Test instances:  69
2026-08-09 13:38:40 | INFO | M06 | Training RandomForestClassifier on 273 instances
2026-08-09 13:38:40 | INFO | M06 | Training complete
2026-08-09 13:38:40 | INFO | M06 | Saved model to: artifacts\model.joblib
2026-08-09 13:38:40 | INFO | M06 | Reloaded model from: artifacts\model.joblib
2026-08-09 13:38:42 | INFO | M06 | Valid payload -> {'prediction': 'Chinstrap'}
2026-08-09 13:38:42 | INFO | M06 | Invalid payload handled cleanly -> ValueError: Missing required feature: 'bill_depth_mm'
2026-08-09 13:38:44 | INFO | M06 | ========================
2026-08-09 13:38:44 | INFO | M06 | SUMMARY
2026-08-09 13:38:44 | INFO | M06 | ========================
2026-08-09 13:38:44 | INFO | M06 | Dataset:  penguins
2026-08-09 13:38:44 | INFO | M06 | Target:   species
2026-08-09 13:38:44 | INFO | M06 | Features: ['bill_length_mm', 'bill_depth_mm', 'flipper_length_mm', 'body_mass_g']
2026-08-09 13:38:44 | INFO | M06 | Artifact: artifacts\model.joblib
2026-08-09 13:38:44 | INFO | M06 | ========================
2026-08-09 13:52:17 | INFO | M06 | === RUN START ===
2026-08-09 13:52:17 | INFO | M06 | project=M06
2026-08-09 13:52:17 | INFO | M06 | repo_dir=CS44670-Module-6
2026-08-09 13:52:17 | INFO | M06 | python=3.14.6
2026-08-09 13:52:17 | INFO | M06 | os=Windows 11
2026-08-09 13:52:17 | INFO | M06 | shell=powershell
2026-08-09 13:52:17 | INFO | M06 | cwd=.
2026-08-09 13:52:17 | INFO | M06 | github_actions=False
2026-08-09 13:52:17 | INFO | M06 | Load data.................
2026-08-09 13:52:17 | INFO | M06 | Loading dataset: sergionefedov/global-semiconductor-industry-2010-2026
2026-08-09 13:52:18 | INFO | M06 | Loaded: 313 rows, 7 columns
2026-08-09 13:52:18 | INFO | M06 | Model rows (after dropping missing): 313
2026-08-09 13:52:18 | INFO | M06 | Split data................
2026-08-09 13:56:48 | INFO | M06 | === RUN START ===
2026-08-09 13:56:48 | INFO | M06 | project=M06
2026-08-09 13:56:48 | INFO | M06 | repo_dir=CS44670-Module-6
2026-08-09 13:56:48 | INFO | M06 | python=3.14.6
2026-08-09 13:56:48 | INFO | M06 | os=Windows 11
2026-08-09 13:56:48 | INFO | M06 | shell=powershell
2026-08-09 13:56:48 | INFO | M06 | cwd=.
2026-08-09 13:56:48 | INFO | M06 | github_actions=False
2026-08-09 13:56:48 | INFO | M06 | Load data.................
2026-08-09 13:56:48 | INFO | M06 | Loading dataset: sergionefedov/global-semiconductor-industry-2010-2026
2026-08-09 13:56:48 | INFO | M06 | Loaded: 313 rows, 7 columns
2026-08-09 13:56:48 | INFO | M06 | Model rows (after dropping missing): 275
2026-08-09 13:56:48 | INFO | M06 | Split data................
2026-08-09 13:59:31 | INFO | M06 | === RUN START ===
2026-08-09 13:59:31 | INFO | M06 | project=M06
2026-08-09 13:59:31 | INFO | M06 | repo_dir=CS44670-Module-6
2026-08-09 13:59:31 | INFO | M06 | python=3.14.6
2026-08-09 13:59:31 | INFO | M06 | os=Windows 11
2026-08-09 13:59:31 | INFO | M06 | shell=powershell
2026-08-09 13:59:31 | INFO | M06 | cwd=.
2026-08-09 13:59:31 | INFO | M06 | github_actions=False
2026-08-09 13:59:31 | INFO | M06 | Load data.................
2026-08-09 13:59:31 | INFO | M06 | Loading dataset: sergionefedov/global-semiconductor-industry-2010-2026
2026-08-09 13:59:32 | INFO | M06 | Loaded: 313 rows, 7 columns
2026-08-09 13:59:32 | INFO | M06 | Model rows (after dropping missing): 270
2026-08-09 13:59:32 | INFO | M06 | Split data................
2026-08-09 13:59:32 | INFO | M06 | Train instances: 216
2026-08-09 13:59:32 | INFO | M06 | Test instances:  54
2026-08-09 13:59:32 | INFO | M06 | Train model...............
2026-08-09 13:59:32 | INFO | M06 | Training RandomForestClassifier on 216 instances
2026-08-09 13:59:32 | INFO | M06 | Training complete
2026-08-09 13:59:32 | INFO | M06 | Evaluate model............
2026-08-09 13:59:32 | INFO | M06 | Test accuracy: 0.889
2026-08-09 13:59:32 | INFO | M06 | Save model................
2026-08-09 13:59:32 | INFO | M06 | Saved model to: artifacts\csellinger_model.joblib
2026-08-09 13:59:32 | INFO | M06 | Summarize.................
2026-08-09 13:59:32 | INFO | M06 | ========================
2026-08-09 13:59:32 | INFO | M06 | SUMMARY
2026-08-09 13:59:32 | INFO | M06 | ========================
2026-08-09 13:59:32 | INFO | M06 | Dataset:  sergionefedov/global-semiconductor-industry-2010-2026
2026-08-09 13:59:32 | INFO | M06 | Target:   fab_type
2026-08-09 13:59:32 | INFO | M06 | Features: ['monthly_wafer_capacity', 'process_node_nm']
2026-08-09 13:59:32 | INFO | M06 | Artifact: artifacts\csellinger_model.joblib
2026-08-09 13:59:32 | INFO | M06 | ========================
2026-08-09 13:59:32 | INFO | M06 | ========================
2026-08-09 13:59:32 | INFO | M06 | Executed successfully!
2026-08-09 13:59:32 | INFO | M06 | ========================
2026-08-09 14:03:48 | INFO | M06 | === RUN START ===
2026-08-09 14:03:48 | INFO | M06 | project=M06
2026-08-09 14:03:48 | INFO | M06 | repo_dir=CS44670-Module-6
2026-08-09 14:03:48 | INFO | M06 | python=3.14.6
2026-08-09 14:03:48 | INFO | M06 | os=Windows 11
2026-08-09 14:03:48 | INFO | M06 | shell=powershell
2026-08-09 14:03:48 | INFO | M06 | cwd=.
2026-08-09 14:03:48 | INFO | M06 | github_actions=False
2026-08-09 14:03:48 | INFO | M06 | Loading model from: C:\Users\caleb\Documents\School\44670\CS44670-Module-6\artifacts\csellinger_model.joblib
2026-08-09 14:03:48 | INFO | M06 | Model loaded successfully
2026-08-09 14:04:39 | INFO | M06 | === RUN START ===
2026-08-09 14:04:39 | INFO | M06 | project=M06
2026-08-09 14:04:39 | INFO | M06 | repo_dir=CS44670-Module-6
2026-08-09 14:04:39 | INFO | M06 | python=3.14.6
2026-08-09 14:04:39 | INFO | M06 | os=Windows 11
2026-08-09 14:04:39 | INFO | M06 | shell=powershell
2026-08-09 14:04:39 | INFO | M06 | cwd=notebooks
2026-08-09 14:04:39 | INFO | M06 | github_actions=False
2026-08-09 14:04:39 | INFO | M06 | Confirming installation:
2026-08-09 14:04:39 | INFO | M06 |   python:       3.14.6
2026-08-09 14:04:39 | INFO | M06 |   pandas:       3.0.5
2026-08-09 14:04:39 | INFO | M06 | Model artifact will be saved to: artifacts\model.joblib
2026-08-09 14:05:14 | INFO | M06 | === RUN START ===
2026-08-09 14:05:14 | INFO | M06 | project=M06
2026-08-09 14:05:14 | INFO | M06 | repo_dir=CS44670-Module-6
2026-08-09 14:05:14 | INFO | M06 | python=3.14.6
2026-08-09 14:05:14 | INFO | M06 | os=Windows 11
2026-08-09 14:05:14 | INFO | M06 | shell=powershell
2026-08-09 14:05:14 | INFO | M06 | cwd=notebooks
2026-08-09 14:05:14 | INFO | M06 | github_actions=False
2026-08-09 14:05:14 | INFO | M06 | === RUN START ===
2026-08-09 14:05:14 | INFO | M06 | project=M06
2026-08-09 14:05:14 | INFO | M06 | repo_dir=CS44670-Module-6
2026-08-09 14:05:14 | INFO | M06 | python=3.14.6
2026-08-09 14:05:14 | INFO | M06 | os=Windows 11
2026-08-09 14:05:14 | INFO | M06 | shell=powershell
2026-08-09 14:05:14 | INFO | M06 | cwd=notebooks
2026-08-09 14:05:14 | INFO | M06 | github_actions=False
2026-08-09 14:05:14 | INFO | M06 | Loading model from: C:\Users\caleb\Documents\School\44670\CS44670-Module-6\artifacts\csellinger_model.joblib
2026-08-09 14:05:14 | INFO | M06 | Model loaded successfully
2026-08-09 14:05:14 | INFO | M06 | === RUN START ===
2026-08-09 14:05:14 | INFO | M06 | project=M06
2026-08-09 14:05:14 | INFO | M06 | repo_dir=CS44670-Module-6
2026-08-09 14:05:14 | INFO | M06 | python=3.14.6
2026-08-09 14:05:14 | INFO | M06 | os=Windows 11
2026-08-09 14:05:14 | INFO | M06 | shell=powershell
2026-08-09 14:05:14 | INFO | M06 | cwd=notebooks
2026-08-09 14:05:14 | INFO | M06 | github_actions=False
2026-08-09 14:05:14 | INFO | M06 | Confirming installation:
2026-08-09 14:05:14 | INFO | M06 |   python:       3.14.6
2026-08-09 14:05:14 | INFO | M06 |   pandas:       3.0.5
2026-08-09 14:05:14 | INFO | M06 | Model artifact will be saved to: artifacts\csellinger_model.joblib
2026-08-09 14:08:14 | INFO | M06 | === RUN START ===
2026-08-09 14:08:14 | INFO | M06 | project=M06
2026-08-09 14:08:14 | INFO | M06 | repo_dir=CS44670-Module-6
2026-08-09 14:08:14 | INFO | M06 | python=3.14.6
2026-08-09 14:08:14 | INFO | M06 | os=Windows 11
2026-08-09 14:08:14 | INFO | M06 | shell=powershell
2026-08-09 14:08:14 | INFO | M06 | cwd=notebooks
2026-08-09 14:08:14 | INFO | M06 | github_actions=False
2026-08-09 14:08:14 | INFO | M06 | Confirming installation:
2026-08-09 14:08:14 | INFO | M06 |   python:       3.14.6
2026-08-09 14:08:14 | INFO | M06 |   pandas:       3.0.5
2026-08-09 14:08:14 | INFO | M06 | Model artifact will be saved to: artifacts\csellinger_model.joblib
2026-08-09 14:08:26 | INFO | M06 | Loading dataset: sergionefedov/global-semiconductor-industry-2010-2026
2026-08-09 14:08:26 | INFO | M06 | Loading dataset: sergionefedov/global-semiconductor-industry-2010-2026
2026-08-09 14:08:27 | INFO | M06 | Loaded: 313 rows, 7 columns
2026-08-09 14:08:27 | INFO | M06 | Model rows (after dropping missing): 270
2026-08-09 14:08:27 | INFO | M06 | Model rows: 270
2026-08-09 14:08:27 | INFO | M06 | Classes in 'fab_type': ['logic_leading', 'logic_mature', 'memory_DRAM', 'memory_NAND']
2026-08-09 14:08:40 | INFO | M06 | Train instances: 216
2026-08-09 14:08:40 | INFO | M06 | Test instances:  54
2026-08-09 14:08:40 | INFO | M06 | Train instances: 216
2026-08-09 14:08:40 | INFO | M06 | Test instances:  54
2026-08-09 14:08:43 | INFO | M06 | Training RandomForestClassifier on 216 instances
2026-08-09 14:08:43 | INFO | M06 | Training complete
2026-08-09 14:08:43 | INFO | M06 | Saved model to: artifacts\csellinger_model.joblib
2026-08-09 14:08:43 | INFO | M06 | Reloaded model from: artifacts\csellinger_model.joblib
2026-08-09 14:09:19 | INFO | M06 | Valid payload -> {'prediction': 'logic_leading'}
2026-08-09 14:09:19 | INFO | M06 | Invalid payload handled cleanly -> ValueError: Missing required feature: 'process_node_nm'
2026-08-09 14:09:32 | INFO | M06 | Valid payload -> {'prediction': 'logic_leading'}
2026-08-09 14:09:32 | INFO | M06 | Invalid payload handled cleanly -> ValueError: Missing required feature: 'process_node_nm'
2026-08-09 14:09:39 | INFO | M06 | ========================
2026-08-09 14:09:39 | INFO | M06 | SUMMARY
2026-08-09 14:09:39 | INFO | M06 | ========================
2026-08-09 14:09:39 | INFO | M06 | Dataset:  sergionefedov/global-semiconductor-industry-2010-2026
2026-08-09 14:09:39 | INFO | M06 | Target:   fab_type
2026-08-09 14:09:39 | INFO | M06 | Features: ['monthly_wafer_capacity', 'process_node_nm']
2026-08-09 14:09:39 | INFO | M06 | Artifact: artifacts\csellinger_model.joblib
2026-08-09 14:09:39 | INFO | M06 | ========================
